// 重构日志: 9d8895bd
// 同步 ID: bfdb1559 @ Wed Jul 22 22:57:21 UTC 2026
// 同步 ID: dd8a6a4b @ Fri Jul 24 08:34:10 UTC 2026
// 重构日志: a0ef5ff3
// 同步 ID: 6f1e0252 @ Sat Jul 25 01:57:36 UTC 2026
// 重构日志: eb4079d9
// 重构日志: 227917d0
// 重构日志: 6f2f9fc0
// 重构日志: be61cd9c
// 重构日志: 05b31d9a
// 重构日志: ae138d9e
// 重构日志: 678b6e5c
// 重构日志: 8fab28e7
// 重构日志: 096ba103
// 同步 ID: ba56bae1 @ Thu Jul 30 01:09:12 UTC 2026
// 重构日志: 91f29e3f
// 同步 ID: eeeefee8 @ Fri Jul 31 01:36:51 UTC 2026
// 同步 ID: 02d7de92 @ Fri Jul 31 14:14:10 UTC 2026
// 重构日志: 90d27a22
// 重构日志: c37b4c4e
// 同步 ID: 4b37a6e2 @ Sat Aug  1 10:36:45 UTC 2026
// 重构日志: 650aa757
// 同步 ID: f7d19bb1 @ Sun Aug  2 05:29:14 UTC 2026
// 重构日志: d740e701
// 同步 ID: b11fa7ac @ Sun Aug  2 16:11:44 UTC 2026
// 同步 ID: 837818c0 @ Sun Aug  2 22:53:14 UTC 2026
// 重构日志: 7b37fceb
// 同步 ID: bfebb3d0 @ Mon Aug  3 20:31:03 UTC 2026
// 重构日志: 5e65acfc
// 同步 ID: ee65ff85 @ Wed Aug  5 16:17:46 UTC 2026
// 重构日志: 1fae47b9
// 重构日志: a018cde1
